.next/dev/types/validator.ts(25,44): error TS2344: Type 'Route' does not satisfy the constraint 'LayoutRoutes'.
  Type 'import("D:/Cylvor IT Projects/vehicle-market/.next/dev/types/routes").LayoutRoutes' is not assignable to type 'import("D:/Cylvor IT Projects/vehicle-market/.next/types/routes").LayoutRoutes'.
    Type '"/dashboard"' is not assignable to type 'LayoutRoutes'.
.next/dev/types/validator.ts(25,75): error TS2344: Type 'Route' does not satisfy the constraint 'LayoutRoutes'.
  Type 'import("D:/Cylvor IT Projects/vehicle-market/.next/dev/types/routes").LayoutRoutes' is not assignable to type 'import("D:/Cylvor IT Projects/vehicle-market/.next/types/routes").LayoutRoutes'.
    Type '"/dashboard"' is not assignable to type 'LayoutRoutes'.
.next/types/validator.ts(89,39): error TS2307: Cannot find module '../../src/app/(public)/dashboard/buyer/settings/page.js' or its corresponding type declarations.
.next/types/validator.ts(300,39): error TS2307: Cannot find module '../../src/app/(public)/dashboard/buyer/layout.js' or its corresponding type declarations.
.next/types/validator.ts(309,39): error TS2307: Cannot find module '../../src/app/(public)/dashboard/seller/layout.js' or its corresponding type declarations.
